Microsoft Windows [version 10.0.19042.1415]
(c) Microsoft Corporation. Tous droits réservés.

D:\NFT>mkdir my-nft

D:\NFT>cd my-nft

D:\NFT\my-nft>npm init
This utility will walk you through creating a package.json file.
It only covers the most common items, and tries to guess sensible defaults.

See `npm help init` for definitive documentation on these fields
and exactly what they do.

Use `npm install <pkg>` afterwards to install a package and
save it as a dependency in the package.json file.

Press ^C at any time to quit.
package name: (my-nft)
version: (1.0.0)
description:
entry point: (index.js) npm WARN init canceled

D:\NFT\my-nft>npm init
This utility will walk you through creating a package.json file.
It only covers the most common items, and tries to guess sensible defaults.

See `npm help init` for definitive documentation on these fields
and exactly what they do.

Use `npm install <pkg>` afterwards to install a package and
save it as a dependency in the package.json file.

Press ^C at any time to quit.
package name: (my-nft)
version: (1.0.0)
description: MyFirstNFT
entry point: (index.js)
test command:
git repository:
keywords:
author:
license: (ISC)
About to write to D:\NFT\my-nft\package.json:

{
  "name": "my-nft",
  "version": "1.0.0",
  "description": "MyFirstNFT",
  "main": "index.js",
  "scripts": {
    "test": "echo \"Error: no test specified\" && exit 1"
  },
  "author": "",
  "license": "ISC"
}


Is this OK? (yes)

D:\NFT\my-nft>npm install --save-dev hardhat
Terminer le programme de commandes (O/N) ? O

D:\NFT\my-nft>npm install --save-dev hardhat
Terminer le programme de commandes (O/N) ? O

D:\NFT\my-nft>npm install --save-dev hardhat
npm ERR! code ETIMEDOUT
npm ERR! errno ETIMEDOUT
npm ERR! network request to https://registry.npmjs.org/hardhat failed, reason: connect ETIMEDOUT 104.16.23.35:443
npm ERR! network This is a problem related to network connectivity.
npm ERR! network In most cases you are behind a proxy or have bad network settings.
npm ERR! network
npm ERR! network If you are behind a proxy, please make sure that the
npm ERR! network 'proxy' config is set properly.  See: 'npm help config'

npm ERR! A complete log of this run can be found in:
npm ERR!     C:\Users\adnan\AppData\Roaming\npm-cache\_logs\2022-01-15T01_11_07_415Z-debug.log

D:\NFT\my-nft>npm install --save-dev hardhat
npm WARN deprecated eth-sig-util@2.5.4: Deprecated in favor of '@metamask/eth-sig-util'
npm WARN deprecated debug@3.2.6: Debug versions >=3.2.0 <3.2.7 || >=4 <4.3.1 have a low-severity ReDos regression when used in a Node.js environment. It is recommended you upgrade to 3.2.7 or 4.3.1. (https://github.com/visionmedia/debug/issues/797)
npm WARN deprecated fsevents@2.1.3: "Please update to latest v2.3 or v2.2"

> secp256k1@4.0.3 install D:\NFT\my-nft\node_modules\secp256k1
> node-gyp-build || exit 0


D:\NFT\my-nft\node_modules\secp256k1>if not defined npm_config_node_gyp (node "C:\Program Files (x86)\nodejs\node_modules\npm\node_modules\npm-lifecycle\node-gyp-bin\\..\..\node_modules\node-gyp\bin\node-gyp.js" rebuild )  else (node "C:\Program Files (x86)\nodejs\node_modules\npm\node_modules\node-gyp\bin\node-gyp.js" rebuild )
gyp ERR! find VS
gyp ERR! find VS msvs_version not set from command line or npm config
gyp ERR! find VS VCINSTALLDIR not set, not running in VS Command Prompt
gyp ERR! find VS checking VS2019 (16.11.32002.261) found at:
gyp ERR! find VS "D:\VStudio\IDE"
gyp ERR! find VS - "Visual Studio C++ core features" missing
gyp ERR! find VS could not find a version of Visual Studio 2017 or newer to use
gyp ERR! find VS looking for Visual Studio 2015
gyp ERR! find VS - not found
gyp ERR! find VS not looking for VS2013 as it is only supported up to Node.js 8
gyp ERR! find VS
gyp ERR! find VS **************************************************************
gyp ERR! find VS You need to install the latest version of Visual Studio
gyp ERR! find VS including the "Desktop development with C++" workload.
gyp ERR! find VS For more information consult the documentation at:
gyp ERR! find VS https://github.com/nodejs/node-gyp#on-windows
gyp ERR! find VS **************************************************************
gyp ERR! find VS
gyp ERR! configure error
gyp ERR! stack Error: Could not find any Visual Studio installation to use
gyp ERR! stack     at VisualStudioFinder.fail (C:\Program Files (x86)\nodejs\node_modules\npm\node_modules\node-gyp\lib\find-visualstudio.js:121:47)
gyp ERR! stack     at C:\Program Files (x86)\nodejs\node_modules\npm\node_modules\node-gyp\lib\find-visualstudio.js:74:16
gyp ERR! stack     at VisualStudioFinder.findVisualStudio2013 (C:\Program Files (x86)\nodejs\node_modules\npm\node_modules\node-gyp\lib\find-visualstudio.js:351:14)
gyp ERR! stack     at C:\Program Files (x86)\nodejs\node_modules\npm\node_modules\node-gyp\lib\find-visualstudio.js:70:14
gyp ERR! stack     at C:\Program Files (x86)\nodejs\node_modules\npm\node_modules\node-gyp\lib\find-visualstudio.js:372:16
gyp ERR! stack     at C:\Program Files (x86)\nodejs\node_modules\npm\node_modules\node-gyp\lib\util.js:54:7
gyp ERR! stack     at C:\Program Files (x86)\nodejs\node_modules\npm\node_modules\node-gyp\lib\util.js:33:16
gyp ERR! stack     at ChildProcess.exithandler (child_process.js:326:5)
gyp ERR! stack     at ChildProcess.emit (events.js:376:20)
gyp ERR! stack     at maybeClose (internal/child_process.js:1055:16)
gyp ERR! System Windows_NT 10.0.19042
gyp ERR! command "C:\\Program Files (x86)\\nodejs\\node.exe" "C:\\Program Files (x86)\\nodejs\\node_modules\\npm\\node_modules\\node-gyp\\bin\\node-gyp.js" "rebuild"
gyp ERR! cwd D:\NFT\my-nft\node_modules\secp256k1
gyp ERR! node -v v14.17.0
gyp ERR! node-gyp -v v5.1.0
gyp ERR! not ok

> keccak@3.0.2 install D:\NFT\my-nft\node_modules\keccak
> node-gyp-build || exit 0


D:\NFT\my-nft\node_modules\keccak>if not defined npm_config_node_gyp (node "C:\Program Files (x86)\nodejs\node_modules\npm\node_modules\npm-lifecycle\node-gyp-bin\\..\..\node_modules\node-gyp\bin\node-gyp.js" rebuild )  else (node "C:\Program Files (x86)\nodejs\node_modules\npm\node_modules\node-gyp\bin\node-gyp.js" rebuild )
gyp ERR! find VS
gyp ERR! find VS msvs_version not set from command line or npm config
gyp ERR! find VS VCINSTALLDIR not set, not running in VS Command Prompt
gyp ERR! find VS checking VS2019 (16.11.32002.261) found at:
gyp ERR! find VS "D:\VStudio\IDE"
gyp ERR! find VS - "Visual Studio C++ core features" missing
gyp ERR! find VS could not find a version of Visual Studio 2017 or newer to use
gyp ERR! find VS looking for Visual Studio 2015
gyp ERR! find VS - not found
gyp ERR! find VS not looking for VS2013 as it is only supported up to Node.js 8
gyp ERR! find VS
gyp ERR! find VS **************************************************************
gyp ERR! find VS You need to install the latest version of Visual Studio
gyp ERR! find VS including the "Desktop development with C++" workload.
gyp ERR! find VS For more information consult the documentation at:
gyp ERR! find VS https://github.com/nodejs/node-gyp#on-windows
gyp ERR! find VS **************************************************************
gyp ERR! find VS
gyp ERR! configure error
gyp ERR! stack Error: Could not find any Visual Studio installation to use
gyp ERR! stack     at VisualStudioFinder.fail (C:\Program Files (x86)\nodejs\node_modules\npm\node_modules\node-gyp\lib\find-visualstudio.js:121:47)
gyp ERR! stack     at C:\Program Files (x86)\nodejs\node_modules\npm\node_modules\node-gyp\lib\find-visualstudio.js:74:16
gyp ERR! stack     at VisualStudioFinder.findVisualStudio2013 (C:\Program Files (x86)\nodejs\node_modules\npm\node_modules\node-gyp\lib\find-visualstudio.js:351:14)
gyp ERR! stack     at C:\Program Files (x86)\nodejs\node_modules\npm\node_modules\node-gyp\lib\find-visualstudio.js:70:14
gyp ERR! stack     at C:\Program Files (x86)\nodejs\node_modules\npm\node_modules\node-gyp\lib\find-visualstudio.js:372:16
gyp ERR! stack     at C:\Program Files (x86)\nodejs\node_modules\npm\node_modules\node-gyp\lib\util.js:54:7
gyp ERR! stack     at C:\Program Files (x86)\nodejs\node_modules\npm\node_modules\node-gyp\lib\util.js:33:16
gyp ERR! stack     at ChildProcess.exithandler (child_process.js:326:5)
gyp ERR! stack     at ChildProcess.emit (events.js:376:20)
gyp ERR! stack     at maybeClose (internal/child_process.js:1055:16)
gyp ERR! System Windows_NT 10.0.19042
gyp ERR! command "C:\\Program Files (x86)\\nodejs\\node.exe" "C:\\Program Files (x86)\\nodejs\\node_modules\\npm\\node_modules\\node-gyp\\bin\\node-gyp.js" "rebuild"
gyp ERR! cwd D:\NFT\my-nft\node_modules\keccak
gyp ERR! node -v v14.17.0
gyp ERR! node-gyp -v v5.1.0
gyp ERR! not ok

> core-js-pure@3.20.2 postinstall D:\NFT\my-nft\node_modules\core-js-pure
> node -e "try{require('./postinstall')}catch(e){}"

Thank you for using core-js ( https://github.com/zloirock/core-js ) for polyfilling JavaScript standard library!

The project needs your help! Please consider supporting of core-js:
> https://opencollective.com/core-js
> https://patreon.com/zloirock
> https://paypal.me/zloirock
> bitcoin: bc1qlea7544qtsmj2rayg0lthvza9fau63ux0fstcz

Also, the author of core-js ( https://github.com/zloirock ) is looking for a good job -)

npm notice created a lockfile as package-lock.json. You should commit this file.
npm WARN optional SKIPPING OPTIONAL DEPENDENCY: fsevents@~2.3.2 (node_modules\chokidar\node_modules\fsevents):
npm WARN notsup SKIPPING OPTIONAL DEPENDENCY: Unsupported platform for fsevents@2.3.2: wanted {"os":"darwin","arch":"any"} (current: {"os":"win32","arch":"ia32"})
npm WARN optional SKIPPING OPTIONAL DEPENDENCY: fsevents@~2.1.1 (node_modules\mocha\node_modules\chokidar\node_modules\fsevents):
npm WARN notsup SKIPPING OPTIONAL DEPENDENCY: Unsupported platform for fsevents@2.1.3: wanted {"os":"darwin","arch":"any"} (current: {"os":"win32","arch":"ia32"})
npm WARN my-nft@1.0.0 No repository field.

+ hardhat@2.8.2
added 339 packages from 298 contributors and audited 341 packages in 323.285s

60 packages are looking for funding
  run `npm fund` for details

found 9 moderate severity vulnerabilities
  run `npm audit fix` to fix them, or `npm audit` for details

D:\NFT\my-nft>npm audit fix
npm WARN my-nft@1.0.0 No repository field.
npm WARN optional SKIPPING OPTIONAL DEPENDENCY: fsevents@2.1.3 (node_modules\mocha\node_modules\fsevents):
npm WARN notsup SKIPPING OPTIONAL DEPENDENCY: Unsupported platform for fsevents@2.1.3: wanted {"os":"darwin","arch":"any"} (current: {"os":"win32","arch":"ia32"})
npm WARN optional SKIPPING OPTIONAL DEPENDENCY: fsevents@2.3.2 (node_modules\fsevents):
npm WARN notsup SKIPPING OPTIONAL DEPENDENCY: Unsupported platform for fsevents@2.3.2: wanted {"os":"darwin","arch":"any"} (current: {"os":"win32","arch":"ia32"})

up to date in 2.094s

60 packages are looking for funding
  run `npm fund` for details

fixed 0 of 9 vulnerabilities in 341 scanned packages
  9 vulnerabilities required manual review and could not be updated

D:\NFT\my-nft>npx hardhat
888    888                      888 888               888
888    888                      888 888               888
888    888                      888 888               888
8888888888  8888b.  888d888 .d88888 88888b.   8888b.  888888
888    888     "88b 888P"  d88" 888 888 "88b     "88b 888
888    888 .d888888 888    888  888 888  888 .d888888 888
888    888 888  888 888    Y88b 888 888  888 888  888 Y88b.
888    888 "Y888888 888     "Y88888 888  888 "Y888888  "Y888

Welcome to Hardhat v2.8.2

√ What do you want to do? · Create an empty hardhat.config.js
Config file created

D:\NFT\my-nft>mkdir contracts

D:\NFT\my-nft>mkdir scripts

D:\NFT\my-nft>code

D:\NFT\my-nft>code

D:\NFT\my-nft>code

D:\NFT\my-nft>npm install @openzeppelin/contracts
npm WARN my-nft@1.0.0 No repository field.
npm WARN optional SKIPPING OPTIONAL DEPENDENCY: fsevents@2.1.3 (node_modules\mocha\node_modules\fsevents):
npm WARN notsup SKIPPING OPTIONAL DEPENDENCY: Unsupported platform for fsevents@2.1.3: wanted {"os":"darwin","arch":"any"} (current: {"os":"win32","arch":"ia32"})
npm WARN optional SKIPPING OPTIONAL DEPENDENCY: fsevents@2.3.2 (node_modules\fsevents):
npm WARN notsup SKIPPING OPTIONAL DEPENDENCY: Unsupported platform for fsevents@2.3.2: wanted {"os":"darwin","arch":"any"} (current: {"os":"win32","arch":"ia32"})

+ @openzeppelin/contracts@4.4.2
added 1 package from 1 contributor and audited 342 packages in 10.837s

60 packages are looking for funding
  run `npm fund` for details

found 9 moderate severity vulnerabilities
  run `npm audit fix` to fix them, or `npm audit` for details

D:\NFT\my-nft>npm install dotenv --save
npm WARN my-nft@1.0.0 No repository field.
npm WARN optional SKIPPING OPTIONAL DEPENDENCY: fsevents@2.3.2 (node_modules\fsevents):
npm WARN notsup SKIPPING OPTIONAL DEPENDENCY: Unsupported platform for fsevents@2.3.2: wanted {"os":"darwin","arch":"any"} (current: {"os":"win32","arch":"ia32"})
npm WARN optional SKIPPING OPTIONAL DEPENDENCY: fsevents@2.1.3 (node_modules\mocha\node_modules\fsevents):
npm WARN notsup SKIPPING OPTIONAL DEPENDENCY: Unsupported platform for fsevents@2.1.3: wanted {"os":"darwin","arch":"any"} (current: {"os":"win32","arch":"ia32"})

+ dotenv@12.0.3
added 1 package and audited 343 packages in 25.328s

60 packages are looking for funding
  run `npm fund` for details

found 9 moderate severity vulnerabilities
  run `npm audit fix` to fix them, or `npm audit` for details

D:\NFT\my-nft>npm instal --save-dev @nomiclabs/hardhat-ethers 'ethers@^5.0.0'

Usage: npm <command>

where <command> is one of:
    access, adduser, audit, bin, bugs, c, cache, ci, cit,
    clean-install, clean-install-test, completion, config,
    create, ddp, dedupe, deprecate, dist-tag, docs, doctor,
    edit, explore, fund, get, help, help-search, hook, i, init,
    install, install-ci-test, install-test, it, link, list, ln,
    login, logout, ls, org, outdated, owner, pack, ping, prefix,
    profile, prune, publish, rb, rebuild, repo, restart, root,
    run, run-script, s, se, search, set, shrinkwrap, star,
    stars, start, stop, t, team, test, token, tst, un,
    uninstall, unpublish, unstar, up, update, v, version, view,
    whoami

npm <command> -h  quick help on <command>
npm -l            display full usage info
npm help <term>   search for help on <term>
npm help npm      involved overview

Specify configs in the ini-formatted file:
    C:\Users\adnan\.npmrc
or on the command line via: npm <command> --key value
Config info can be viewed via: npm help config

npm@6.14.13 C:\Program Files (x86)\nodejs\node_modules\npm

Did you mean one of these?
    install
    unstar
    init

D:\NFT\my-nft>npm install --save-dev @nomiclabs/hardhat-ethers 'ethers@^5.0.0'
npm ERR! code E404
npm ERR! 404 Not Found - GET https://registry.npmjs.org/%27ethers - Not found
npm ERR! 404
npm ERR! 404  ''ethers@5.0.0'' is not in the npm registry.
npm ERR! 404 Your package name is not valid, because
npm ERR! 404  1. name can no longer contain special characters ("~'!()*")
npm ERR! 404
npm ERR! 404 Note that you can also install from a
npm ERR! 404 tarball, folder, http url, or git url.

npm ERR! A complete log of this run can be found in:
npm ERR!     C:\Users\adnan\AppData\Roaming\npm-cache\_logs\2022-01-15T01_54_14_393Z-debug.log

D:\NFT\my-nft>npm install --save-dev @nomiclabs/hardhat-ethers ethers@^5.0.0
npm WARN my-nft@1.0.0 No repository field.
npm WARN optional SKIPPING OPTIONAL DEPENDENCY: fsevents@2.3.2 (node_modules\fsevents):
npm WARN notsup SKIPPING OPTIONAL DEPENDENCY: Unsupported platform for fsevents@2.3.2: wanted {"os":"darwin","arch":"any"} (current: {"os":"win32","arch":"ia32"})
npm WARN optional SKIPPING OPTIONAL DEPENDENCY: fsevents@2.1.3 (node_modules\mocha\node_modules\fsevents):
npm WARN notsup SKIPPING OPTIONAL DEPENDENCY: Unsupported platform for fsevents@2.1.3: wanted {"os":"darwin","arch":"any"} (current: {"os":"win32","arch":"ia32"})

+ @nomiclabs/hardhat-ethers@2.0.4
+ ethers@5.0.0
added 17 packages from 3 contributors and audited 360 packages in 27.561s

72 packages are looking for funding
  run `npm fund` for details

found 9 moderate severity vulnerabilities
  run `npm audit fix` to fix them, or `npm audit` for details

D:\NFT\my-nft>npx hardhat compile
× Help us improve Hardhat with anonymous crash reports & basic usage data? (Y/n) · true
Downloading compiler 0.8.0
Compiling 13 files with 0.8.0
Warning: Visibility for constructor is ignored. If you want the contract to be non-deployable, making it "abstract" is sufficient.
  --> contracts/MyNFT.sol:14:5:
   |
14 |     constructor() public ERC721("MyNFT", "NFT") {}
   |     ^^^^^^^^^^^^^^^^^^^^^^^^^^^^^^^^^^^^^^^^^^^^^^


Compilation finished successfully

D:\NFT\my-nft>npx hardhat --network ropster run scripts/deploy.js
√ Help us improve Hardhat with anonymous crash reports & basic usage data? (Y/n) · false
Error HH100: Network ropster doesn't exist

For more info go to https://hardhat.org/HH100 or run Hardhat with --show-stack-traces

D:\NFT\my-nft>npx hardhat --network ropster run scripts/deploy.js
Error HH100: Network ropster doesn't exist

For more info go to https://hardhat.org/HH100 or run Hardhat with --show-stack-traces

D:\NFT\my-nft>npx hardhat --network ropsten run scripts/deploy.js
Contract deployed to address: 0xc2255DB7A05daE24045a17d36691109e432a3308

D:\NFT\my-nft>